#! /opt/homebrew/Cellar/icarus-verilog/12.0/bin/vvp
:ivl_version "12.0 (stable)";
:ivl_delay_selection "TYPICAL";
:vpi_time_precision + 0;
:vpi_module "/opt/homebrew/Cellar/icarus-verilog/12.0/lib/ivl/system.vpi";
:vpi_module "/opt/homebrew/Cellar/icarus-verilog/12.0/lib/ivl/vhdl_sys.vpi";
:vpi_module "/opt/homebrew/Cellar/icarus-verilog/12.0/lib/ivl/vhdl_textio.vpi";
:vpi_module "/opt/homebrew/Cellar/icarus-verilog/12.0/lib/ivl/v2005_math.vpi";
:vpi_module "/opt/homebrew/Cellar/icarus-verilog/12.0/lib/ivl/va_math.vpi";
S_0x155007060 .scope module, "tb_uart_tx" "tb_uart_tx" 2 1;
 .timescale 0 0;
v0x155022220_0 .net "busy", 0 0, v0x155021bb0_0;  1 drivers
v0x1550222b0_0 .var "clk", 0 0;
v0x155022340_0 .var "data_in", 7 0;
v0x155022410_0 .var "rst", 0 0;
v0x1550224c0_0 .net "tx", 0 0, v0x155021f40_0;  1 drivers
v0x155022590_0 .var "tx_start", 0 0;
S_0x1550071d0 .scope module, "uut" "uart_tx" 2 9, 3 1 0, S_0x155007060;
 .timescale 0 0;
    .port_info 0 /INPUT 1 "clk";
    .port_info 1 /INPUT 1 "rst";
    .port_info 2 /INPUT 1 "tx_start";
    .port_info 3 /INPUT 8 "data_in";
    .port_info 4 /OUTPUT 1 "tx";
    .port_info 5 /OUTPUT 1 "busy";
P_0x1550045a0 .param/l "DATA" 0 3 11, C4<10>;
P_0x1550045e0 .param/l "IDLE" 0 3 9, C4<00>;
P_0x155004620 .param/l "START" 0 3 10, C4<01>;
P_0x155004660 .param/l "STOP" 0 3 12, C4<11>;
v0x155012330_0 .var "bit_cnt", 2 0;
v0x155021bb0_0 .var "busy", 0 0;
v0x155021c50_0 .net "clk", 0 0, v0x1550222b0_0;  1 drivers
v0x155021d00_0 .net "data_in", 7 0, v0x155022340_0;  1 drivers
v0x155021db0_0 .net "rst", 0 0, v0x155022410_0;  1 drivers
v0x155021e90_0 .var "state", 1 0;
v0x155021f40_0 .var "tx", 0 0;
v0x155021fe0_0 .var "tx_buffer", 7 0;
v0x155022090_0 .net "tx_start", 0 0, v0x155022590_0;  1 drivers
E_0x155007bd0 .event posedge, v0x155021db0_0, v0x155021c50_0;
    .scope S_0x1550071d0;
T_0 ;
    %pushi/vec4 0, 0, 2;
    %store/vec4 v0x155021e90_0, 0, 2;
    %pushi/vec4 0, 0, 3;
    %store/vec4 v0x155012330_0, 0, 3;
    %pushi/vec4 0, 0, 8;
    %store/vec4 v0x155021fe0_0, 0, 8;
    %end;
    .thread T_0;
    .scope S_0x1550071d0;
T_1 ;
    %wait E_0x155007bd0;
    %load/vec4 v0x155021db0_0;
    %flag_set/vec4 8;
    %jmp/0xz  T_1.0, 8;
    %pushi/vec4 0, 0, 2;
    %assign/vec4 v0x155021e90_0, 0;
    %pushi/vec4 1, 0, 1;
    %assign/vec4 v0x155021f40_0, 0;
    %pushi/vec4 0, 0, 1;
    %assign/vec4 v0x155021bb0_0, 0;
    %pushi/vec4 0, 0, 3;
    %assign/vec4 v0x155012330_0, 0;
    %pushi/vec4 0, 0, 8;
    %assign/vec4 v0x155021fe0_0, 0;
    %jmp T_1.1;
T_1.0 ;
    %load/vec4 v0x155021e90_0;
    %dup/vec4;
    %pushi/vec4 0, 0, 2;
    %cmp/u;
    %jmp/1 T_1.2, 6;
    %dup/vec4;
    %pushi/vec4 1, 0, 2;
    %cmp/u;
    %jmp/1 T_1.3, 6;
    %dup/vec4;
    %pushi/vec4 2, 0, 2;
    %cmp/u;
    %jmp/1 T_1.4, 6;
    %dup/vec4;
    %pushi/vec4 3, 0, 2;
    %cmp/u;
    %jmp/1 T_1.5, 6;
    %jmp T_1.6;
T_1.2 ;
    %pushi/vec4 1, 0, 1;
    %assign/vec4 v0x155021f40_0, 0;
    %pushi/vec4 0, 0, 1;
    %assign/vec4 v0x155021bb0_0, 0;
    %load/vec4 v0x155022090_0;
    %flag_set/vec4 8;
    %jmp/0xz  T_1.7, 8;
    %load/vec4 v0x155021d00_0;
    %assign/vec4 v0x155021fe0_0, 0;
    %pushi/vec4 1, 0, 2;
    %assign/vec4 v0x155021e90_0, 0;
    %pushi/vec4 1, 0, 1;
    %assign/vec4 v0x155021bb0_0, 0;
T_1.7 ;
    %jmp T_1.6;
T_1.3 ;
    %pushi/vec4 0, 0, 1;
    %assign/vec4 v0x155021f40_0, 0;
    %pushi/vec4 2, 0, 2;
    %assign/vec4 v0x155021e90_0, 0;
    %pushi/vec4 0, 0, 3;
    %assign/vec4 v0x155012330_0, 0;
    %jmp T_1.6;
T_1.4 ;
    %load/vec4 v0x155021fe0_0;
    %load/vec4 v0x155012330_0;
    %part/u 1;
    %assign/vec4 v0x155021f40_0, 0;
    %load/vec4 v0x155012330_0;
    %addi 1, 0, 3;
    %assign/vec4 v0x155012330_0, 0;
    %load/vec4 v0x155012330_0;
    %cmpi/e 7, 0, 3;
    %jmp/0xz  T_1.9, 4;
    %pushi/vec4 3, 0, 2;
    %assign/vec4 v0x155021e90_0, 0;
T_1.9 ;
    %jmp T_1.6;
T_1.5 ;
    %pushi/vec4 1, 0, 1;
    %assign/vec4 v0x155021f40_0, 0;
    %pushi/vec4 0, 0, 2;
    %assign/vec4 v0x155021e90_0, 0;
    %jmp T_1.6;
T_1.6 ;
    %pop/vec4 1;
T_1.1 ;
    %jmp T_1;
    .thread T_1;
    .scope S_0x155007060;
T_2 ;
    %pushi/vec4 0, 0, 1;
    %store/vec4 v0x1550222b0_0, 0, 1;
    %pushi/vec4 1, 0, 1;
    %store/vec4 v0x155022410_0, 0, 1;
    %pushi/vec4 0, 0, 1;
    %store/vec4 v0x155022590_0, 0, 1;
    %pushi/vec4 165, 0, 8;
    %store/vec4 v0x155022340_0, 0, 8;
    %end;
    .thread T_2;
    .scope S_0x155007060;
T_3 ;
    %delay 5, 0;
    %load/vec4 v0x1550222b0_0;
    %inv;
    %store/vec4 v0x1550222b0_0, 0, 1;
    %jmp T_3;
    .thread T_3;
    .scope S_0x155007060;
T_4 ;
    %vpi_call 2 22 "$dumpfile", "sim_files/wave.vcd" {0 0 0};
    %vpi_call 2 23 "$dumpvars", 32'sb00000000000000000000000000000000, S_0x155007060 {0 0 0};
    %vpi_call 2 25 "$monitor", "Time=%0t | tx=%b | busy=%b", $time, v0x1550224c0_0, v0x155022220_0 {0 0 0};
    %delay 10, 0;
    %pushi/vec4 0, 0, 1;
    %store/vec4 v0x155022410_0, 0, 1;
    %delay 20, 0;
    %pushi/vec4 1, 0, 1;
    %store/vec4 v0x155022590_0, 0, 1;
    %delay 10, 0;
    %pushi/vec4 0, 0, 1;
    %store/vec4 v0x155022590_0, 0, 1;
    %delay 200, 0;
    %vpi_call 2 30 "$finish" {0 0 0};
    %end;
    .thread T_4;
# The file index is used to find the file name in the following table.
:file_names 4;
    "N/A";
    "<interactive>";
    "sim_files/testbench.v";
    "sim_files/module.v";
